src/pages/dashboard/DashboardEvents.tsx(324,9): error TS2741: Property 'Trainee' is missing in type '{ Member: string; Partner: string; Franchisee: string; Entrepreneur: string; Leader: string; Scholar: string; Jobseeker: string; Trainer: string; Admin: string; }' but required in type 'Record<AuthRole, string>'.
src/pages/dashboard/DashboardMembership.tsx(131,9): error TS2741: Property 'Trainee' is missing in type '{ Member: { title: string; subtitle: string; }; Partner: { title: string; subtitle: string; }; Franchisee: { title: string; subtitle: string; }; Entrepreneur: { title: string; subtitle: string; }; Leader: { ...; }; Scholar: { ...; }; Jobseeker: { ...; }; Trainer: { ...; }; Admin: { ...; }; }' but required in type 'Record<AuthRole, { title: string; subtitle: string; }>'.
src/pages/dashboard/DashboardMembership.tsx(240,13): error TS2304: Cannot find name 'Trophy'.
src/pages/public/Payment.tsx(20,27): error TS2339: Property 'subcategories' does not exist on type '{ tier: string; tagline: string; prices: { monthly: string; yearly: string; }; icon: string; packages: { name: string; category: string; monthlyBenefits: string[]; yearlyBenefits: string[]; }[]; upgradeTo: string; }'.
src/pages/public/Payment.tsx(25,21): error TS2551: Property 'price' does not exist on type '{ tier: string; tagline: string; prices: { monthly: string; yearly: string; }; icon: string; packages: { name: string; category: string; monthlyBenefits: string[]; yearlyBenefits: string[]; }[]; upgradeTo: string; }'. Did you mean 'prices'?
